  Identification des projets ├á restaurer...
  Tous les projets sont ├á jour pour la restauration.
C:\Users\bmeouchi\OneDrive - AFALULA\Documents\GitHub\MediaCarousel\InjectionService.cs(1,263): error CS0246: Le nom de type ou d'espace de noms 'IServerEntryPoint' est introuvable (vous manque-t-il une directive using ou une r├®f├®rence d'assembly┬á?) [C:\Users\bmeouchi\OneDrive - AFALULA\Documents\GitHub\MediaCarousel\JellyfinCarouselPlugin.csproj]

├ëCHEC de la build.

C:\Users\bmeouchi\OneDrive - AFALULA\Documents\GitHub\MediaCarousel\InjectionService.cs(1,263): error CS0246: Le nom de type ou d'espace de noms 'IServerEntryPoint' est introuvable (vous manque-t-il une directive using ou une r├®f├®rence d'assembly┬á?) [C:\Users\bmeouchi\OneDrive - AFALULA\Documents\GitHub\MediaCarousel\JellyfinCarouselPlugin.csproj]
    0 Avertissement(s)
    1 Erreur(s)

Temps ├®coul├® 00:00:01.63
