  Identification des projets ├á restaurer...
C:\Users\support\OneDrive - KINCY\Documents\GitHub\Nouveaut-s--Top-10\JellyfinCarouselPlugin.csproj : error NU1100: Impossible de r├®soudre 'Jellyfin.Controller (>= 10.11.6)' pour 'net9.0'.
C:\Users\support\OneDrive - KINCY\Documents\GitHub\Nouveaut-s--Top-10\JellyfinCarouselPlugin.csproj : error NU1100: Impossible de r├®soudre 'Jellyfin.Model (>= 10.11.6)' pour 'net9.0'.
  ├ëchec de la restauration de C:\Users\support\OneDrive - KINCY\Documents\GitHub\Nouveaut-s--Top-10\JellyfinCarouselPlugin.csproj (en 213 ms).
